QA output created by 143
{"return": {}}
{"return": {}}
qemu-io: can't open device nbd+unix:///no_such_export?socket=SOCK_DIR/nbd: Requested export not available
server reported: export 'no_such_export' not present
qemu-io: can't open device nbd+unix:///aa--aa1?socket=SOCK_DIR/nbd: Requested export not available
server reported: export 'aa--aa...' not present
{"return": {}}
{"timestamp": {"seconds":  TIMESTAMP, "microseconds":  TIMESTAMP}, "event": "SHUTDOWN", "data": {"guest": false, "reason": "host-qmp-quit"}}
*** done
